exports[`Abstract component Should create ExtendsComponent 1`] = `[Function]`;
