exports[`test renders ReactNativePLayground application 1`] = `[Function]`;
